// Jest Snapshot v1, https://goo.gl/fbAQLP

exports[`landing component snapshot with Enzyme 1`] = `
<div>
  <h1>
    Landing Page
  </h1>
  <Link
    style={
      Object {
        "color": "#fff",
        "textDecoration": "none",
      }
    }
    to="/"
  >
    Home
  </Link>
   | 
  <Link
    style={
      Object {
        "color": "#fff",
        "textDecoration": "none",
      }
    }
    to="/"
  >
    About
  </Link>
</div>
`;
